// Jest Snapshot v1, https://goo.gl/fbAQLP

exports[`HypeSummary should render a valid hypertension summary 1`] = `
<WithStyles(ForwardRef(Grid))
  container={true}
  direction="column"
  spacing={1}
>
  <WithStyles(ForwardRef(Grid))
    item={true}
  >
    <WithStyles(ForwardRef(Typography))
      component="p"
      variant="body1"
    >
      Reading Date: 
      Wed Jan 01 2020
    </WithStyles(ForwardRef(Typography))>
  </WithStyles(ForwardRef(Grid))>
  <WithStyles(ForwardRef(Grid))
    item={true}
  >
    <WithStyles(ForwardRef(Typography))
      component="p"
      variant="body1"
    >
      Systolic Blood Pressure: 
      0
    </WithStyles(ForwardRef(Typography))>
  </WithStyles(ForwardRef(Grid))>
  <WithStyles(ForwardRef(Grid))
    item={true}
  >
    <WithStyles(ForwardRef(Typography))
      component="p"
      variant="body1"
    >
      Diastolic Blood Pressure: 
      0
    </WithStyles(ForwardRef(Typography))>
  </WithStyles(ForwardRef(Grid))>
</WithStyles(ForwardRef(Grid))>
`;
